// Jest Snapshot v1, https://goo.gl/fbAQLP

exports[`Should render \`Button\` correctly 1`] = `
<button
  type="button"
/>
`;
