// Jest Snapshot v1, https://goo.gl/fbAQLP

exports[`It renders correctly 1`] = `
<p
  className="quote"
>
  Mathematics is not about numbers, equations, computations or algorithms: it is about understanding. - William Paul Thurston
</p>
`;
